2026-08-17 19:20:00,191 - INFO - Initializing Multi-Index Framework for: ['NIFTY', 'SENSEX']
2026-08-17 19:20:00,192 - INFO - ✅ Local DatabaseManager initialized (WAL Mode Active, IST Timestamps).
2026-08-17 19:20:00,291 - INFO - 🔐 Successfully authenticated with SmartAPI using TOTP.
2026-08-17 19:20:00,291 - INFO - 🛡️ [FNO Bot] API Rate Limiter engaged (Max 1 call/sec).
2026-08-17 19:20:00,784 - INFO - 📁 Loaded scrip master cache (164491 tokens).
2026-08-17 19:20:00,826 - INFO - 🔗 [ChainBuilder-NIFTY] Loaded 5148 derivative contracts from master.
2026-08-17 19:20:00,865 - INFO - 🔗 [ChainBuilder-SENSEX] Loaded 3362 derivative contracts from master.
2026-08-17 19:20:00,869 - INFO - 🛡️ [TrailingStopLossMonitor] Background thread started.
2026-08-17 19:20:00,869 - INFO - 🛡️ Trailing Stop-Loss Exit Monitor active.
2026-08-17 19:20:00,870 - INFO - 💓 System Heartbeat Monitor active.
2026-08-17 19:20:00,870 - INFO - ⏰ 3:15 PM EOD Kill Switch Monitor active.
2026-08-17 19:20:00,870 - INFO - Starting broker reconciliation...
2026-08-17 19:20:00,918 - INFO - ✅ Broker reconciliation complete.
2026-08-17 19:20:00,918 - INFO - ✅ Multi-Index Framework fully operational.
2026-08-17 19:20:00,919 - INFO - 🔑 Feed token generated dynamically from active session.
2026-08-17 19:20:00,920 - INFO - Launching core live WebSocket market data stream...
2026-08-17 19:20:00,943 - INFO - Websocket connected
2026-08-17 19:20:00,944 - INFO - 🔌 Live WebSocket Connection Established. Subscribing tokens...
2026-08-17 19:20:00,946 - INFO - 📡 Subscribed to indices: ['NIFTY', 'SENSEX'] with payload: [{'exchangeType': 1, 'tokens': ['26000']}, {'exchangeType': 3, 'tokens': ['99919000']}]
2026-08-17 19:20:00,950 - INFO - 📈 Tick Received - [NIFTY] Token: 26000 | Spot LTP: ₹24287.65
2026-08-17 19:20:00,952 - INFO - 📈 Tick Received - [SENSEX] Token: 99919000 | Spot LTP: ₹77728.16
2026-08-17 19:20:02,483 - INFO - 💓 [SYSTEM STATUS] [NIFTY] Spot: ₹24287.65 | Regime: BEARISH | Trades Today: 10 || [SENSEX] Spot: ₹77728.16 | Regime: CHOPPY | Trades Today: 12
2026-08-17 19:20:10,881 - WARNING - ⏰ [KILL SWITCH] 3:15 PM REACHED! INITIATING EOD AUTO-SQUARE-OFF.
2026-08-17 19:20:10,882 - ERROR - ❌ Error in EOD Square Off Monitor: no such column: qty
2026-08-17 19:20:20,893 - WARNING - ⏰ [KILL SWITCH] 3:15 PM REACHED! INITIATING EOD AUTO-SQUARE-OFF.
2026-08-17 19:20:20,894 - ERROR - ❌ Error in EOD Square Off Monitor: no such column: qty
2026-08-17 19:20:30,904 - WARNING - ⏰ [KILL SWITCH] 3:15 PM REACHED! INITIATING EOD AUTO-SQUARE-OFF.
2026-08-17 19:20:30,905 - ERROR - ❌ Error in EOD Square Off Monitor: no such column: qty
2026-08-17 19:20:40,916 - WARNING - ⏰ [KILL SWITCH] 3:15 PM REACHED! INITIATING EOD AUTO-SQUARE-OFF.
2026-08-17 19:20:40,916 - ERROR - ❌ Error in EOD Square Off Monitor: no such column: qty
2026-08-17 19:20:50,927 - WARNING - ⏰ [KILL SWITCH] 3:15 PM REACHED! INITIATING EOD AUTO-SQUARE-OFF.
2026-08-17 19:20:50,928 - ERROR - ❌ Error in EOD Square Off Monitor: no such column: qty
2026-08-17 19:21:00,936 - INFO - 💓 [SYSTEM STATUS] [NIFTY] Spot: ₹24287.65 | Regime: CHOPPY | Trades Today: 10 || [SENSEX] Spot: ₹77728.16 | Regime: CHOPPY | Trades Today: 12
2026-08-17 19:21:00,939 - WARNING - ⏰ [KILL SWITCH] 3:15 PM REACHED! INITIATING EOD AUTO-SQUARE-OFF.
2026-08-17 19:21:00,939 - ERROR - ❌ Error in EOD Square Off Monitor: no such column: qty
2026-08-17 19:21:02,548 - INFO - 💓 [SYSTEM STATUS] [NIFTY] Spot: ₹24287.65 | Regime: BEARISH | Trades Today: 10 || [SENSEX] Spot: ₹77728.16 | Regime: CHOPPY | Trades Today: 12
2026-08-17 19:21:03,985 - INFO - 🛑 Bot stopped manually by user.
2026-08-17 19:22:02,613 - INFO - 💓 [SYSTEM STATUS] [NIFTY] Spot: ₹24287.65 | Regime: BEARISH | Trades Today: 10 || [SENSEX] Spot: ₹77728.16 | Regime: CHOPPY | Trades Today: 12
2026-08-17 19:22:17,926 - INFO - Initializing Multi-Index Framework for: ['NIFTY', 'SENSEX']
2026-08-17 19:22:17,927 - INFO - ✅ Local DatabaseManager initialized (WAL Mode Active, IST Timestamps).
2026-08-17 19:22:18,015 - INFO - 🔐 Successfully authenticated with SmartAPI using TOTP.
2026-08-17 19:22:18,015 - INFO - 🛡️ [FNO Bot] API Rate Limiter engaged (Max 1 call/sec).
2026-08-17 19:22:18,508 - INFO - 📁 Loaded scrip master cache (164491 tokens).
2026-08-17 19:22:18,546 - INFO - 🔗 [ChainBuilder-NIFTY] Loaded 5148 derivative contracts from master.
2026-08-17 19:22:18,585 - INFO - 🔗 [ChainBuilder-SENSEX] Loaded 3362 derivative contracts from master.
2026-08-17 19:22:18,586 - INFO - 🛡️ [TrailingStopLossMonitor] Background thread started.
2026-08-17 19:22:18,586 - INFO - 🛡️ Trailing Stop-Loss Exit Monitor active.
2026-08-17 19:22:18,586 - INFO - 💓 System Heartbeat Monitor active.
2026-08-17 19:22:18,587 - INFO - ⏰ 3:15 PM EOD Kill Switch Monitor active.
2026-08-17 19:22:18,587 - INFO - Starting broker reconciliation...
2026-08-17 19:22:18,625 - INFO - ✅ Broker reconciliation complete.
2026-08-17 19:22:18,625 - INFO - ✅ Multi-Index Framework fully operational.
2026-08-17 19:22:18,626 - INFO - 🔑 Feed token generated dynamically from active session.
2026-08-17 19:22:18,626 - INFO - Launching core live WebSocket market data stream...
2026-08-17 19:22:18,644 - INFO - Websocket connected
2026-08-17 19:22:18,645 - INFO - 🔌 Live WebSocket Connection Established. Subscribing tokens...
2026-08-17 19:22:18,645 - INFO - 📡 Subscribed to indices: ['NIFTY', 'SENSEX'] with payload: [{'exchangeType': 1, 'tokens': ['26000']}, {'exchangeType': 3, 'tokens': ['99919000']}]
2026-08-17 19:22:18,649 - INFO - 📈 Tick Received - [NIFTY] Token: 26000 | Spot LTP: ₹24287.65
2026-08-17 19:22:18,651 - INFO - 📈 Tick Received - [SENSEX] Token: 99919000 | Spot LTP: ₹77728.16
2026-08-17 19:22:28,596 - WARNING - ⏰ [KILL SWITCH] 3:15 PM REACHED! INITIATING EOD AUTO-SQUARE-OFF.
2026-08-17 19:22:28,598 - ERROR - ❌ Error in EOD Square Off Monitor: no such column: exchange
2026-08-17 19:22:33,192 - INFO - 🛑 Bot stopped manually by user.
2026-08-17 19:22:54,735 - INFO - Initializing Multi-Index Framework for: ['NIFTY', 'SENSEX']
2026-08-17 19:22:54,736 - INFO - ✅ Local DatabaseManager initialized (WAL Mode Active, IST Timestamps).
2026-08-17 19:22:54,824 - INFO - 🔐 Successfully authenticated with SmartAPI using TOTP.
2026-08-17 19:22:54,824 - INFO - 🛡️ [FNO Bot] API Rate Limiter engaged (Max 1 call/sec).
2026-08-17 19:22:55,257 - INFO - 📁 Loaded scrip master cache (164491 tokens).
2026-08-17 19:22:55,296 - INFO - 🔗 [ChainBuilder-NIFTY] Loaded 5148 derivative contracts from master.
2026-08-17 19:22:55,334 - INFO - 🔗 [ChainBuilder-SENSEX] Loaded 3362 derivative contracts from master.
2026-08-17 19:22:55,335 - INFO - 🛡️ [TrailingStopLossMonitor] Background thread started.
2026-08-17 19:22:55,335 - INFO - 🛡️ Trailing Stop-Loss Exit Monitor active.
2026-08-17 19:22:55,336 - INFO - 💓 System Heartbeat Monitor active.
2026-08-17 19:22:55,336 - INFO - ⏰ 3:15 PM EOD Kill Switch Monitor active.
2026-08-17 19:22:55,336 - INFO - Starting broker reconciliation...
2026-08-17 19:22:55,373 - INFO - ✅ Broker reconciliation complete.
2026-08-17 19:22:55,373 - INFO - ✅ Multi-Index Framework fully operational.
2026-08-17 19:22:55,374 - INFO - 🔑 Feed token generated dynamically from active session.
2026-08-17 19:22:55,374 - INFO - Launching core live WebSocket market data stream...
2026-08-17 19:22:55,524 - INFO - Websocket connected
2026-08-17 19:22:55,524 - INFO - 🔌 Live WebSocket Connection Established. Subscribing tokens...
2026-08-17 19:22:55,524 - INFO - 📡 Subscribed to indices: ['NIFTY', 'SENSEX'] with payload: [{'exchangeType': 1, 'tokens': ['26000']}, {'exchangeType': 3, 'tokens': ['99919000']}]
2026-08-17 19:22:55,529 - INFO - 📈 Tick Received - [NIFTY] Token: 26000 | Spot LTP: ₹24287.65
2026-08-17 19:22:55,529 - INFO - 📈 Tick Received - [SENSEX] Token: 99919000 | Spot LTP: ₹77728.16
2026-08-17 19:23:02,678 - INFO - 💓 [SYSTEM STATUS] [NIFTY] Spot: ₹24287.65 | Regime: BEARISH | Trades Today: 10 || [SENSEX] Spot: ₹77728.16 | Regime: CHOPPY | Trades Today: 12
2026-08-17 19:23:05,347 - WARNING - ⏰ [KILL SWITCH] 3:15 PM REACHED! INITIATING EOD AUTO-SQUARE-OFF.
2026-08-17 19:23:05,347 - ERROR - ❌ Error in EOD Square Off Monitor: no such column: exchange
2026-08-17 19:23:15,357 - WARNING - ⏰ [KILL SWITCH] 3:15 PM REACHED! INITIATING EOD AUTO-SQUARE-OFF.
2026-08-17 19:23:15,358 - ERROR - ❌ Error in EOD Square Off Monitor: no such column: exchange
2026-08-17 19:23:25,368 - WARNING - ⏰ [KILL SWITCH] 3:15 PM REACHED! INITIATING EOD AUTO-SQUARE-OFF.
2026-08-17 19:23:25,370 - ERROR - ❌ Error in EOD Square Off Monitor: no such column: exchange
2026-08-17 19:23:35,379 - WARNING - ⏰ [KILL SWITCH] 3:15 PM REACHED! INITIATING EOD AUTO-SQUARE-OFF.
2026-08-17 19:23:35,379 - ERROR - ❌ Error in EOD Square Off Monitor: no such column: exchange
2026-08-17 19:23:44,958 - INFO - 🛑 Bot stopped manually by user.
2026-08-17 19:24:02,742 - INFO - 💓 [SYSTEM STATUS] [NIFTY] Spot: ₹24287.65 | Regime: BEARISH | Trades Today: 10 || [SENSEX] Spot: ₹77728.16 | Regime: CHOPPY | Trades Today: 12
2026-08-17 19:24:47,584 - INFO - Initializing Multi-Index Framework for: ['NIFTY', 'SENSEX']
2026-08-17 19:24:47,585 - INFO - ✅ Local DatabaseManager initialized (WAL Mode Active, IST Timestamps).
2026-08-17 19:24:47,676 - INFO - 🔐 Successfully authenticated with SmartAPI using TOTP.
2026-08-17 19:24:47,677 - INFO - 🛡️ [FNO Bot] API Rate Limiter engaged (Max 1 call/sec).
2026-08-17 19:24:48,112 - INFO - 📁 Loaded scrip master cache (164491 tokens).
2026-08-17 19:24:48,151 - INFO - 🔗 [ChainBuilder-NIFTY] Loaded 5148 derivative contracts from master.
2026-08-17 19:24:48,189 - INFO - 🔗 [ChainBuilder-SENSEX] Loaded 3362 derivative contracts from master.
2026-08-17 19:24:48,190 - INFO - 🛡️ [TrailingStopLossMonitor] Background thread started.
2026-08-17 19:24:48,190 - INFO - 🛡️ Trailing Stop-Loss Exit Monitor active.
2026-08-17 19:24:48,191 - INFO - 💓 System Heartbeat Monitor active.
2026-08-17 19:24:48,191 - INFO - ⏰ 3:15 PM EOD Kill Switch Monitor active.
2026-08-17 19:24:48,191 - INFO - Starting broker reconciliation...
2026-08-17 19:24:48,226 - INFO - ✅ Broker reconciliation complete.
2026-08-17 19:24:48,226 - INFO - ✅ Multi-Index Framework fully operational.
2026-08-17 19:24:48,226 - INFO - 🔑 Feed token generated dynamically from active session.
2026-08-17 19:24:48,227 - INFO - Launching core live WebSocket market data stream...
2026-08-17 19:24:48,241 - INFO - Websocket connected
2026-08-17 19:24:48,241 - INFO - 🔌 Live WebSocket Connection Established. Subscribing tokens...
2026-08-17 19:24:48,241 - INFO - 📡 Subscribed to indices: ['NIFTY', 'SENSEX'] with payload: [{'exchangeType': 1, 'tokens': ['26000']}, {'exchangeType': 3, 'tokens': ['99919000']}]
2026-08-17 19:24:48,245 - INFO - 📈 Tick Received - [NIFTY] Token: 26000 | Spot LTP: ₹24287.65
2026-08-17 19:24:48,246 - INFO - 📈 Tick Received - [SENSEX] Token: 99919000 | Spot LTP: ₹77728.16
2026-08-17 19:24:58,201 - WARNING - ⏰ [KILL SWITCH] 3:15 PM REACHED! INITIATING EOD AUTO-SQUARE-OFF.
2026-08-17 19:24:58,202 - INFO - ✅ [KILL SWITCH] No open trades to square off.
2026-08-17 19:25:02,807 - INFO - 💓 [SYSTEM STATUS] [NIFTY] Spot: ₹24287.65 | Regime: BEARISH | Trades Today: 10 || [SENSEX] Spot: ₹77728.16 | Regime: CHOPPY | Trades Today: 12
2026-08-17 19:25:48,256 - INFO - 💓 [SYSTEM STATUS] [NIFTY] Spot: ₹24287.65 | Regime: CHOPPY | Trades Today: 10 || [SENSEX] Spot: ₹77728.16 | Regime: CHOPPY | Trades Today: 12
2026-08-17 19:26:02,872 - INFO - 💓 [SYSTEM STATUS] [NIFTY] Spot: ₹24287.65 | Regime: BEARISH | Trades Today: 10 || [SENSEX] Spot: ₹77728.16 | Regime: CHOPPY | Trades Today: 12
2026-08-17 19:26:48,321 - INFO - 💓 [SYSTEM STATUS] [NIFTY] Spot: ₹24287.65 | Regime: CHOPPY | Trades Today: 10 || [SENSEX] Spot: ₹77728.16 | Regime: CHOPPY | Trades Today: 12
2026-08-17 19:27:02,936 - INFO - 💓 [SYSTEM STATUS] [NIFTY] Spot: ₹24287.65 | Regime: BEARISH | Trades Today: 10 || [SENSEX] Spot: ₹77728.16 | Regime: CHOPPY | Trades Today: 12
2026-08-17 19:27:48,385 - INFO - 💓 [SYSTEM STATUS] [NIFTY] Spot: ₹24287.65 | Regime: CHOPPY | Trades Today: 10 || [SENSEX] Spot: ₹77728.16 | Regime: CHOPPY | Trades Today: 12
2026-08-17 19:28:03,002 - INFO - 💓 [SYSTEM STATUS] [NIFTY] Spot: ₹24287.65 | Regime: BEARISH | Trades Today: 10 || [SENSEX] Spot: ₹77728.16 | Regime: CHOPPY | Trades Today: 12
2026-08-17 19:28:48,447 - INFO - 💓 [SYSTEM STATUS] [NIFTY] Spot: ₹24287.65 | Regime: CHOPPY | Trades Today: 10 || [SENSEX] Spot: ₹77728.16 | Regime: CHOPPY | Trades Today: 12
2026-08-17 19:28:48,466 - INFO - 🛑 Bot stopped manually by user.
2026-08-17 19:29:03,068 - INFO - 💓 [SYSTEM STATUS] [NIFTY] Spot: ₹24287.65 | Regime: BEARISH | Trades Today: 10 || [SENSEX] Spot: ₹77728.16 | Regime: CHOPPY | Trades Today: 12
2026-08-17 19:30:03,148 - INFO - 💓 [SYSTEM STATUS] [NIFTY] Spot: ₹24287.65 | Regime: BEARISH | Trades Today: 10 || [SENSEX] Spot: ₹77728.16 | Regime: CHOPPY | Trades Today: 12
2026-08-17 19:31:03,214 - INFO - 💓 [SYSTEM STATUS] [NIFTY] Spot: ₹24287.65 | Regime: BEARISH | Trades Today: 10 || [SENSEX] Spot: ₹77728.16 | Regime: CHOPPY | Trades Today: 12
2026-08-17 19:32:03,279 - INFO - 💓 [SYSTEM STATUS] [NIFTY] Spot: ₹24287.65 | Regime: BEARISH | Trades Today: 10 || [SENSEX] Spot: ₹77728.16 | Regime: CHOPPY | Trades Today: 12
2026-08-17 19:33:03,344 - INFO - 💓 [SYSTEM STATUS] [NIFTY] Spot: ₹24287.65 | Regime: BEARISH | Trades Today: 10 || [SENSEX] Spot: ₹77728.16 | Regime: CHOPPY | Trades Today: 12
2026-08-17 19:34:03,408 - INFO - 💓 [SYSTEM STATUS] [NIFTY] Spot: ₹24287.65 | Regime: BEARISH | Trades Today: 10 || [SENSEX] Spot: ₹77728.16 | Regime: CHOPPY | Trades Today: 12
2026-08-17 19:35:03,474 - INFO - 💓 [SYSTEM STATUS] [NIFTY] Spot: ₹24287.65 | Regime: BEARISH | Trades Today: 10 || [SENSEX] Spot: ₹77728.16 | Regime: CHOPPY | Trades Today: 12
2026-08-17 19:36:03,538 - INFO - 💓 [SYSTEM STATUS] [NIFTY] Spot: ₹24287.65 | Regime: BEARISH | Trades Today: 10 || [SENSEX] Spot: ₹77728.16 | Regime: CHOPPY | Trades Today: 12
2026-08-17 19:37:03,602 - INFO - 💓 [SYSTEM STATUS] [NIFTY] Spot: ₹24287.65 | Regime: BEARISH | Trades Today: 10 || [SENSEX] Spot: ₹77728.16 | Regime: CHOPPY | Trades Today: 12
2026-08-17 19:38:03,668 - INFO - 💓 [SYSTEM STATUS] [NIFTY] Spot: ₹24287.65 | Regime: BEARISH | Trades Today: 10 || [SENSEX] Spot: ₹77728.16 | Regime: CHOPPY | Trades Today: 12
2026-08-17 19:39:03,733 - INFO - 💓 [SYSTEM STATUS] [NIFTY] Spot: ₹24287.65 | Regime: BEARISH | Trades Today: 10 || [SENSEX] Spot: ₹77728.16 | Regime: CHOPPY | Trades Today: 12
2026-08-17 19:40:03,796 - INFO - 💓 [SYSTEM STATUS] [NIFTY] Spot: ₹24287.65 | Regime: BEARISH | Trades Today: 10 || [SENSEX] Spot: ₹77728.16 | Regime: CHOPPY | Trades Today: 12
2026-08-17 19:41:03,860 - INFO - 💓 [SYSTEM STATUS] [NIFTY] Spot: ₹24287.65 | Regime: BEARISH | Trades Today: 10 || [SENSEX] Spot: ₹77728.16 | Regime: CHOPPY | Trades Today: 12
2026-08-17 19:42:03,925 - INFO - 💓 [SYSTEM STATUS] [NIFTY] Spot: ₹24287.65 | Regime: BEARISH | Trades Today: 10 || [SENSEX] Spot: ₹77728.16 | Regime: CHOPPY | Trades Today: 12
2026-08-17 19:43:03,988 - INFO - 💓 [SYSTEM STATUS] [NIFTY] Spot: ₹24287.65 | Regime: BEARISH | Trades Today: 10 || [SENSEX] Spot: ₹77728.16 | Regime: CHOPPY | Trades Today: 12
2026-08-17 19:44:04,057 - INFO - 💓 [SYSTEM STATUS] [NIFTY] Spot: ₹24287.65 | Regime: BEARISH | Trades Today: 10 || [SENSEX] Spot: ₹77728.16 | Regime: CHOPPY | Trades Today: 12
2026-08-17 19:45:04,121 - INFO - 💓 [SYSTEM STATUS] [NIFTY] Spot: ₹24287.65 | Regime: BEARISH | Trades Today: 10 || [SENSEX] Spot: ₹77728.16 | Regime: CHOPPY | Trades Today: 12
2026-08-17 19:46:04,186 - INFO - 💓 [SYSTEM STATUS] [NIFTY] Spot: ₹24287.65 | Regime: BEARISH | Trades Today: 10 || [SENSEX] Spot: ₹77728.16 | Regime: CHOPPY | Trades Today: 12
2026-08-17 19:47:04,251 - INFO - 💓 [SYSTEM STATUS] [NIFTY] Spot: ₹24287.65 | Regime: BEARISH | Trades Today: 10 || [SENSEX] Spot: ₹77728.16 | Regime: CHOPPY | Trades Today: 12
2026-08-17 19:48:04,316 - INFO - 💓 [SYSTEM STATUS] [NIFTY] Spot: ₹24287.65 | Regime: BEARISH | Trades Today: 10 || [SENSEX] Spot: ₹77728.16 | Regime: CHOPPY | Trades Today: 12
2026-08-17 19:49:04,380 - INFO - 💓 [SYSTEM STATUS] [NIFTY] Spot: ₹24287.65 | Regime: BEARISH | Trades Today: 10 || [SENSEX] Spot: ₹77728.16 | Regime: CHOPPY | Trades Today: 12
2026-08-17 19:50:04,450 - INFO - 💓 [SYSTEM STATUS] [NIFTY] Spot: ₹24287.65 | Regime: BEARISH | Trades Today: 10 || [SENSEX] Spot: ₹77728.16 | Regime: CHOPPY | Trades Today: 12
2026-08-17 19:51:04,515 - INFO - 💓 [SYSTEM STATUS] [NIFTY] Spot: ₹24287.65 | Regime: BEARISH | Trades Today: 10 || [SENSEX] Spot: ₹77728.16 | Regime: CHOPPY | Trades Today: 12
2026-08-17 19:52:04,579 - INFO - 💓 [SYSTEM STATUS] [NIFTY] Spot: ₹24287.65 | Regime: BEARISH | Trades Today: 10 || [SENSEX] Spot: ₹77728.16 | Regime: CHOPPY | Trades Today: 12
2026-08-17 19:53:04,643 - INFO - 💓 [SYSTEM STATUS] [NIFTY] Spot: ₹24287.65 | Regime: BEARISH | Trades Today: 10 || [SENSEX] Spot: ₹77728.16 | Regime: CHOPPY | Trades Today: 12
2026-08-17 19:54:04,718 - INFO - 💓 [SYSTEM STATUS] [NIFTY] Spot: ₹24287.65 | Regime: BEARISH | Trades Today: 10 || [SENSEX] Spot: ₹77728.16 | Regime: CHOPPY | Trades Today: 12
2026-08-17 19:55:04,783 - INFO - 💓 [SYSTEM STATUS] [NIFTY] Spot: ₹24287.65 | Regime: BEARISH | Trades Today: 10 || [SENSEX] Spot: ₹77728.16 | Regime: CHOPPY | Trades Today: 12
2026-08-17 19:56:04,850 - INFO - 💓 [SYSTEM STATUS] [NIFTY] Spot: ₹24287.65 | Regime: BEARISH | Trades Today: 10 || [SENSEX] Spot: ₹77728.16 | Regime: CHOPPY | Trades Today: 12
2026-08-17 19:57:04,914 - INFO - 💓 [SYSTEM STATUS] [NIFTY] Spot: ₹24287.65 | Regime: BEARISH | Trades Today: 10 || [SENSEX] Spot: ₹77728.16 | Regime: CHOPPY | Trades Today: 12
2026-08-17 19:58:04,979 - INFO - 💓 [SYSTEM STATUS] [NIFTY] Spot: ₹24287.65 | Regime: BEARISH | Trades Today: 10 || [SENSEX] Spot: ₹77728.16 | Regime: CHOPPY | Trades Today: 12
2026-08-17 19:59:05,045 - INFO - 💓 [SYSTEM STATUS] [NIFTY] Spot: ₹24287.65 | Regime: BEARISH | Trades Today: 10 || [SENSEX] Spot: ₹77728.16 | Regime: CHOPPY | Trades Today: 12
2026-08-17 20:00:05,111 - INFO - 💓 [SYSTEM STATUS] [NIFTY] Spot: ₹24287.65 | Regime: BEARISH | Trades Today: 10 || [SENSEX] Spot: ₹77728.16 | Regime: CHOPPY | Trades Today: 12
2026-08-17 20:01:05,177 - INFO - 💓 [SYSTEM STATUS] [NIFTY] Spot: ₹24287.65 | Regime: BEARISH | Trades Today: 10 || [SENSEX] Spot: ₹77728.16 | Regime: CHOPPY | Trades Today: 12
2026-08-17 20:02:05,242 - INFO - 💓 [SYSTEM STATUS] [NIFTY] Spot: ₹24287.65 | Regime: BEARISH | Trades Today: 10 || [SENSEX] Spot: ₹77728.16 | Regime: CHOPPY | Trades Today: 12
2026-08-17 20:03:05,308 - INFO - 💓 [SYSTEM STATUS] [NIFTY] Spot: ₹24287.65 | Regime: BEARISH | Trades Today: 10 || [SENSEX] Spot: ₹77728.16 | Regime: CHOPPY | Trades Today: 12
2026-08-17 20:04:05,373 - INFO - 💓 [SYSTEM STATUS] [NIFTY] Spot: ₹24287.65 | Regime: BEARISH | Trades Today: 10 || [SENSEX] Spot: ₹77728.16 | Regime: CHOPPY | Trades Today: 12
2026-08-17 20:05:05,438 - INFO - 💓 [SYSTEM STATUS] [NIFTY] Spot: ₹24287.65 | Regime: BEARISH | Trades Today: 10 || [SENSEX] Spot: ₹77728.16 | Regime: CHOPPY | Trades Today: 12
2026-08-17 20:06:05,503 - INFO - 💓 [SYSTEM STATUS] [NIFTY] Spot: ₹24287.65 | Regime: BEARISH | Trades Today: 10 || [SENSEX] Spot: ₹77728.16 | Regime: CHOPPY | Trades Today: 12
2026-08-17 20:07:05,569 - INFO - 💓 [SYSTEM STATUS] [NIFTY] Spot: ₹24287.65 | Regime: BEARISH | Trades Today: 10 || [SENSEX] Spot: ₹77728.16 | Regime: CHOPPY | Trades Today: 12
